<?xml version="1.0" encoding="ISO-8859-1" ?>
<link_info>
   <banner>TI ARM Linker PC v20.2.5.LTS</banner>
   <copyright>Copyright (c) 1996-2018 Texas Instruments Incorporated</copyright>
   <link_time>0x657bf274</link_time>
   <link_errors>0x0</link_errors>
   <output_file>Final.out</output_file>
   <entry_point>
      <name>_c_int00_noargs</name>
      <address>0x6e05</address>
   </entry_point>
   <input_file_list>
      <input_file id="fl-2">
         <path>.\</path>
         <kind>object</kind>
         <file>main.obj</file>
         <name>main.obj</name>
      </input_file>
      <input_file id="fl-3">
         <path>.\</path>
         <kind>object</kind>
         <file>threads.obj</file>
         <name>threads.obj</name>
      </input_file>
      <input_file id="fl-4">
         <path>.\</path>
         <kind>object</kind>
         <file>tm4c123gh6pm_startup_ccs.obj</file>
         <name>tm4c123gh6pm_startup_ccs.obj</name>
      </input_file>
      <input_file id="fl-5">
         <path>.\G8RTOS\src\</path>
         <kind>object</kind>
         <file>G8RTOS_CriticalSection.obj</file>
         <name>G8RTOS_CriticalSection.obj</name>
      </input_file>
      <input_file id="fl-6">
         <path>.\G8RTOS\src\</path>
         <kind>object</kind>
         <file>G8RTOS_IPC.obj</file>
         <name>G8RTOS_IPC.obj</name>
      </input_file>
      <input_file id="fl-7">
         <path>.\G8RTOS\src\</path>
         <kind>object</kind>
         <file>G8RTOS_Scheduler.obj</file>
         <name>G8RTOS_Scheduler.obj</name>
      </input_file>
      <input_file id="fl-8">
         <path>.\G8RTOS\src\</path>
         <kind>object</kind>
         <file>G8RTOS_SchedulerASM.obj</file>
         <name>G8RTOS_SchedulerASM.obj</name>
      </input_file>
      <input_file id="fl-9">
         <path>.\G8RTOS\src\</path>
         <kind>object</kind>
         <file>G8RTOS_Semaphores.obj</file>
         <name>G8RTOS_Semaphores.obj</name>
      </input_file>
      <input_file id="fl-a">
         <path>.\MultimodDrivers\src\</path>
         <kind>object</kind>
         <file>multimod_BMI160.obj</file>
         <name>multimod_BMI160.obj</name>
      </input_file>
      <input_file id="fl-b">
         <path>.\MultimodDrivers\src\</path>
         <kind>object</kind>
         <file>multimod_LaunchpadButtons.obj</file>
         <name>multimod_LaunchpadButtons.obj</name>
      </input_file>
      <input_file id="fl-c">
         <path>.\MultimodDrivers\src\</path>
         <kind>object</kind>
         <file>multimod_LaunchpadLED.obj</file>
         <name>multimod_LaunchpadLED.obj</name>
      </input_file>
      <input_file id="fl-d">
         <path>.\MultimodDrivers\src\</path>
         <kind>object</kind>
         <file>multimod_OPT3001.obj</file>
         <name>multimod_OPT3001.obj</name>
      </input_file>
      <input_file id="fl-e">
         <path>.\MultimodDrivers\src\</path>
         <kind>object</kind>
         <file>multimod_PCA9956b.obj</file>
         <name>multimod_PCA9956b.obj</name>
      </input_file>
      <input_file id="fl-f">
         <path>.\MultimodDrivers\src\</path>
         <kind>object</kind>
         <file>multimod_ST7789.obj</file>
         <name>multimod_ST7789.obj</name>
      </input_file>
      <input_file id="fl-10">
         <path>.\MultimodDrivers\src\</path>
         <kind>object</kind>
         <file>multimod_buttons.obj</file>
         <name>multimod_buttons.obj</name>
      </input_file>
      <input_file id="fl-11">
         <path>.\MultimodDrivers\src\</path>
         <kind>object</kind>
         <file>multimod_i2c.obj</file>
         <name>multimod_i2c.obj</name>
      </input_file>
      <input_file id="fl-12">
         <path>.\MultimodDrivers\src\</path>
         <kind>object</kind>
         <file>multimod_joystick.obj</file>
         <name>multimod_joystick.obj</name>
      </input_file>
      <input_file id="fl-13">
         <path>.\MultimodDrivers\src\</path>
         <kind>object</kind>
         <file>multimod_spi.obj</file>
         <name>multimod_spi.obj</name>
      </input_file>
      <input_file id="fl-14">
         <path>.\MultimodDrivers\src\</path>
         <kind>object</kind>
         <file>multimod_uart.obj</file>
         <name>multimod_uart.obj</name>
      </input_file>
      <input_file id="fl-15">
         <path>.\driverlib\</path>
         <kind>object</kind>
         <file>adc.obj</file>
         <name>adc.obj</name>
      </input_file>
      <input_file id="fl-16">
         <path>.\driverlib\</path>
         <kind>object</kind>
         <file>aes.obj</file>
         <name>aes.obj</name>
      </input_file>
      <input_file id="fl-17">
         <path>.\driverlib\</path>
         <kind>object</kind>
         <file>can.obj</file>
         <name>can.obj</name>
      </input_file>
      <input_file id="fl-18">
         <path>.\driverlib\</path>
         <kind>object</kind>
         <file>comp.obj</file>
         <name>comp.obj</name>
      </input_file>
      <input_file id="fl-19">
         <path>.\driverlib\</path>
         <kind>object</kind>
         <file>cpu.obj</file>
         <name>cpu.obj</name>
      </input_file>
      <input_file id="fl-1a">
         <path>.\driverlib\</path>
         <kind>object</kind>
         <file>crc.obj</file>
         <name>crc.obj</name>
      </input_file>
      <input_file id="fl-1b">
         <path>.\driverlib\</path>
         <kind>object</kind>
         <file>des.obj</file>
         <name>des.obj</name>
      </input_file>
      <input_file id="fl-1c">
         <path>.\driverlib\</path>
         <kind>object</kind>
         <file>eeprom.obj</file>
         <name>eeprom.obj</name>
      </input_file>
      <input_file id="fl-1d">
         <path>.\driverlib\</path>
         <kind>object</kind>
         <file>emac.obj</file>
         <name>emac.obj</name>
      </input_file>
      <input_file id="fl-1e">
         <path>.\driverlib\</path>
         <kind>object</kind>
         <file>epi.obj</file>
         <name>epi.obj</name>
      </input_file>
      <input_file id="fl-1f">
         <path>.\driverlib\</path>
         <kind>object</kind>
         <file>epi_workaround_ccs.obj</file>
         <name>epi_workaround_ccs.obj</name>
      </input_file>
      <input_file id="fl-20">
         <path>.\driverlib\</path>
         <kind>object</kind>
         <file>flash.obj</file>
         <name>flash.obj</name>
      </input_file>
      <input_file id="fl-21">
         <path>.\driverlib\</path>
         <kind>object</kind>
         <file>fpu.obj</file>
         <name>fpu.obj</name>
      </input_file>
      <input_file id="fl-22">
         <path>.\driverlib\</path>
         <kind>object</kind>
         <file>gpio.obj</file>
         <name>gpio.obj</name>
      </input_file>
      <input_file id="fl-23">
         <path>.\driverlib\</path>
         <kind>object</kind>
         <file>hibernate.obj</file>
         <name>hibernate.obj</name>
      </input_file>
      <input_file id="fl-24">
         <path>.\driverlib\</path>
         <kind>object</kind>
         <file>i2c.obj</file>
         <name>i2c.obj</name>
      </input_file>
      <input_file id="fl-25">
         <path>.\driverlib\</path>
         <kind>object</kind>
         <file>interrupt.obj</file>
         <name>interrupt.obj</name>
      </input_file>
      <input_file id="fl-26">
         <path>.\driverlib\</path>
         <kind>object</kind>
         <file>lcd.obj</file>
         <name>lcd.obj</name>
      </input_file>
      <input_file id="fl-27">
         <path>.\driverlib\</path>
         <kind>object</kind>
         <file>mpu.obj</file>
         <name>mpu.obj</name>
      </input_file>
      <input_file id="fl-28">
         <path>.\driverlib\</path>
         <kind>object</kind>
         <file>onewire.obj</file>
         <name>onewire.obj</name>
      </input_file>
      <input_file id="fl-29">
         <path>.\driverlib\</path>
         <kind>object</kind>
         <file>pwm.obj</file>
         <name>pwm.obj</name>
      </input_file>
      <input_file id="fl-2a">
         <path>.\driverlib\</path>
         <kind>object</kind>
         <file>qei.obj</file>
         <name>qei.obj</name>
      </input_file>
      <input_file id="fl-2b">
         <path>.\driverlib\</path>
         <kind>object</kind>
         <file>shamd5.obj</file>
         <name>shamd5.obj</name>
      </input_file>
      <input_file id="fl-2c">
         <path>.\driverlib\</path>
         <kind>object</kind>
         <file>ssi.obj</file>
         <name>ssi.obj</name>
      </input_file>
      <input_file id="fl-2d">
         <path>.\driverlib\</path>
         <kind>object</kind>
         <file>sw_crc.obj</file>
         <name>sw_crc.obj</name>
      </input_file>
      <input_file id="fl-2e">
         <path>.\driverlib\</path>
         <kind>object</kind>
         <file>sysctl.obj</file>
         <name>sysctl.obj</name>
      </input_file>
      <input_file id="fl-2f">
         <path>.\driverlib\</path>
         <kind>object</kind>
         <file>sysexc.obj</file>
         <name>sysexc.obj</name>
      </input_file>
      <input_file id="fl-30">
         <path>.\driverlib\</path>
         <kind>object</kind>
         <file>systick.obj</file>
         <name>systick.obj</name>
      </input_file>
      <input_file id="fl-31">
         <path>.\driverlib\</path>
         <kind>object</kind>
         <file>timer.obj</file>
         <name>timer.obj</name>
      </input_file>
      <input_file id="fl-32">
         <path>.\driverlib\</path>
         <kind>object</kind>
         <file>uart.obj</file>
         <name>uart.obj</name>
      </input_file>
      <input_file id="fl-33">
         <path>.\driverlib\</path>
         <kind>object</kind>
         <file>uartstdio.obj</file>
         <name>uartstdio.obj</name>
      </input_file>
      <input_file id="fl-34">
         <path>.\driverlib\</path>
         <kind>object</kind>
         <file>udma.obj</file>
         <name>udma.obj</name>
      </input_file>
      <input_file id="fl-35">
         <path>.\driverlib\</path>
         <kind>object</kind>
         <file>usb.obj</file>
         <name>usb.obj</name>
      </input_file>
      <input_file id="fl-36">
         <path>.\driverlib\</path>
         <kind>object</kind>
         <file>watchdog.obj</file>
         <name>watchdog.obj</name>
      </input_file>
      <input_file id="fl-3e">
         <kind>object</kind>
         <file>&lt;internal&gt;</file>
         <name>&lt;internal&gt;</name>
      </input_file>
      <input_file id="fl-f4">
         <path>C:\ti\ccs1120\ccs\tools\compiler\ti-cgt-arm_20.2.5.LTS\lib\</path>
         <kind>archive</kind>
         <file>rtsv7M4_T_le_v4SPD16_eabi.lib</file>
         <name>fd_add_t2.asm.obj</name>
      </input_file>
      <input_file id="fl-f5">
         <path>C:\ti\ccs1120\ccs\tools\compiler\ti-cgt-arm_20.2.5.LTS\lib\</path>
         <kind>archive</kind>
         <file>rtsv7M4_T_le_v4SPD16_eabi.lib</file>
         <name>fd_mul_t2.asm.obj</name>
      </input_file>
      <input_file id="fl-f6">
         <path>C:\ti\ccs1120\ccs\tools\compiler\ti-cgt-arm_20.2.5.LTS\lib\</path>
         <kind>archive</kind>
         <file>rtsv7M4_T_le_v4SPD16_eabi.lib</file>
         <name>fd_toi_t2.asm.obj</name>
      </input_file>
      <input_file id="fl-f7">
         <path>C:\ti\ccs1120\ccs\tools\compiler\ti-cgt-arm_20.2.5.LTS\lib\</path>
         <kind>archive</kind>
         <file>rtsv7M4_T_le_v4SPD16_eabi.lib</file>
         <name>fd_tos_t2.asm.obj</name>
      </input_file>
      <input_file id="fl-f8">
         <path>C:\ti\ccs1120\ccs\tools\compiler\ti-cgt-arm_20.2.5.LTS\lib\</path>
         <kind>archive</kind>
         <file>rtsv7M4_T_le_v4SPD16_eabi.lib</file>
         <name>fs_tod_t2.asm.obj</name>
      </input_file>
      <input_file id="fl-f9">
         <path>C:\ti\ccs1120\ccs\tools\compiler\ti-cgt-arm_20.2.5.LTS\lib\</path>
         <kind>archive</kind>
         <file>rtsv7M4_T_le_v4SPD16_eabi.lib</file>
         <name>i_tofd_t2.asm.obj</name>
      </input_file>
      <input_file id="fl-fa">
         <path>C:\ti\ccs1120\ccs\tools\compiler\ti-cgt-arm_20.2.5.LTS\lib\</path>
         <kind>archive</kind>
         <file>rtsv7M4_T_le_v4SPD16_eabi.lib</file>
         <name>u_divt2.asm.obj</name>
      </input_file>
      <input_file id="fl-fb">
         <path>C:\ti\ccs1120\ccs\tools\compiler\ti-cgt-arm_20.2.5.LTS\lib\</path>
         <kind>archive</kind>
         <file>rtsv7M4_T_le_v4SPD16_eabi.lib</file>
         <name>copy_zero_init.c.obj</name>
      </input_file>
      <input_file id="fl-fc">
         <path>C:\ti\ccs1120\ccs\tools\compiler\ti-cgt-arm_20.2.5.LTS\lib\</path>
         <kind>archive</kind>
         <file>rtsv7M4_T_le_v4SPD16_eabi.lib</file>
         <name>copy_decompress_none.c.obj</name>
      </input_file>
      <input_file id="fl-fd">
         <path>C:\ti\ccs1120\ccs\tools\compiler\ti-cgt-arm_20.2.5.LTS\lib\</path>
         <kind>archive</kind>
         <file>rtsv7M4_T_le_v4SPD16_eabi.lib</file>
         <name>copy_decompress_lzss.c.obj</name>
      </input_file>
      <input_file id="fl-fe">
         <path>C:\ti\ccs1120\ccs\tools\compiler\ti-cgt-arm_20.2.5.LTS\lib\</path>
         <kind>archive</kind>
         <file>rtsv7M4_T_le_v4SPD16_eabi.lib</file>
         <name>boot_cortex_m.c.obj</name>
      </input_file>
      <input_file id="fl-ff">
         <path>C:\ti\ccs1120\ccs\tools\compiler\ti-cgt-arm_20.2.5.LTS\lib\</path>
         <kind>archive</kind>
         <file>rtsv7M4_T_le_v4SPD16_eabi.lib</file>
         <name>div0.asm.obj</name>
      </input_file>
      <input_file id="fl-100">
         <path>C:\ti\ccs1120\ccs\tools\compiler\ti-cgt-arm_20.2.5.LTS\lib\</path>
         <kind>archive</kind>
         <file>rtsv7M4_T_le_v4SPD16_eabi.lib</file>
         <name>memcpy_t2.asm.obj</name>
      </input_file>
      <input_file id="fl-101">
         <path>C:\ti\ccs1120\ccs\tools\compiler\ti-cgt-arm_20.2.5.LTS\lib\</path>
         <kind>archive</kind>
         <file>rtsv7M4_T_le_v4SPD16_eabi.lib</file>
         <name>memset_t2.asm.obj</name>
      </input_file>
      <input_file id="fl-102">
         <path>C:\ti\ccs1120\ccs\tools\compiler\ti-cgt-arm_20.2.5.LTS\lib\</path>
         <kind>archive</kind>
         <file>rtsv7M4_T_le_v4SPD16_eabi.lib</file>
         <name>autoinit.c.obj</name>
      </input_file>
      <input_file id="fl-103">
         <path>C:\ti\ccs1120\ccs\tools\compiler\ti-cgt-arm_20.2.5.LTS\lib\</path>
         <kind>archive</kind>
         <file>rtsv7M4_T_le_v4SPD16_eabi.lib</file>
         <name>pre_init.c.obj</name>
      </input_file>
      <input_file id="fl-104">
         <path>C:\ti\ccs1120\ccs\tools\compiler\ti-cgt-arm_20.2.5.LTS\lib\</path>
         <kind>archive</kind>
         <file>rtsv7M4_T_le_v4SPD16_eabi.lib</file>
         <name>cpy_tbl.c.obj</name>
      </input_file>
      <input_file id="fl-105">
         <path>C:\ti\ccs1120\ccs\tools\compiler\ti-cgt-arm_20.2.5.LTS\lib\</path>
         <kind>archive</kind>
         <file>rtsv7M4_T_le_v4SPD16_eabi.lib</file>
         <name>exit.c.obj</name>
      </input_file>
      <input_file id="fl-106">
         <path>C:\ti\ccs1120\ccs\tools\compiler\ti-cgt-arm_20.2.5.LTS\lib\</path>
         <kind>archive</kind>
         <file>rtsv7M4_T_le_v4SPD16_eabi.lib</file>
         <name>_lock.c.obj</name>
      </input_file>
      <input_file id="fl-107">
         <path>C:\ti\ccs1120\ccs\tools\compiler\ti-cgt-arm_20.2.5.LTS\lib\</path>
         <kind>archive</kind>
         <file>rtsv7M4_T_le_v4SPD16_eabi.lib</file>
         <name>args_main.c.obj</name>
      </input_file>
   </input_file_list>
   <object_component_list>
      <object_component id="oc-12">
         <name>.intvecs</name>
         <load_address>0x0</load_address>
         <run_address>0x0</run_address>
         <size>0x26c</size>
         <input_file_ref idref="fl-4"/>
      </object_component>
      <object_component id="oc-fe">
         <name>.text</name>
         <load_address>0x26c</load_address>
         <run_address>0x26c</run_address>
         <size>0x17ec</size>
         <input_file_ref idref="fl-3"/>
      </object_component>
      <object_component id="oc-e1">
         <name>.text</name>
         <load_address>0x1a58</load_address>
         <run_address>0x1a58</run_address>
         <size>0xf80</size>
         <input_file_ref idref="fl-2e"/>
      </object_component>
      <object_component id="oc-154">
         <name>.text</name>
         <load_address>0x29d8</load_address>
         <run_address>0x29d8</run_address>
         <size>0xc14</size>
         <input_file_ref idref="fl-22"/>
      </object_component>
      <object_component id="oc-e7">
         <name>.text</name>
         <load_address>0x35ec</load_address>
         <run_address>0x35ec</run_address>
         <size>0x6fc</size>
         <input_file_ref idref="fl-7"/>
      </object_component>
      <object_component id="oc-c9">
         <name>.text</name>
         <load_address>0x3ce8</load_address>
         <run_address>0x3ce8</run_address>
         <size>0x6fc</size>
         <input_file_ref idref="fl-f"/>
      </object_component>
      <object_component id="oc-221">
         <name>.text</name>
         <load_address>0x43e4</load_address>
         <run_address>0x43e4</run_address>
         <size>0x6f8</size>
         <input_file_ref idref="fl-24"/>
      </object_component>
      <object_component id="oc-16a">
         <name>.text</name>
         <load_address>0x4adc</load_address>
         <run_address>0x4adc</run_address>
         <size>0x62e</size>
         <input_file_ref idref="fl-32"/>
      </object_component>
      <object_component id="oc-2dc">
         <name>.text</name>
         <load_address>0x510a</load_address>
         <run_address>0x510a</run_address>
         <size>0x2</size>
         <input_file_ref idref="fl-ff"/>
      </object_component>
      <object_component id="oc-170">
         <name>.text</name>
         <load_address>0x510c</load_address>
         <run_address>0x510c</run_address>
         <size>0x4a8</size>
         <input_file_ref idref="fl-33"/>
      </object_component>
      <object_component id="oc-17f">
         <name>.text</name>
         <load_address>0x55b4</load_address>
         <run_address>0x55b4</run_address>
         <size>0x3c0</size>
         <input_file_ref idref="fl-25"/>
      </object_component>
      <object_component id="oc-219">
         <name>.text</name>
         <load_address>0x5974</load_address>
         <run_address>0x5974</run_address>
         <size>0x362</size>
         <input_file_ref idref="fl-2c"/>
      </object_component>
      <object_component id="oc-cf">
         <name>.text</name>
         <load_address>0x5cd8</load_address>
         <run_address>0x5cd8</run_address>
         <size>0x2dc</size>
         <input_file_ref idref="fl-a"/>
      </object_component>
      <object_component id="oc-162">
         <name>.text</name>
         <load_address>0x5fb4</load_address>
         <run_address>0x5fb4</run_address>
         <size>0x288</size>
         <input_file_ref idref="fl-11"/>
      </object_component>
      <object_component id="oc-1de">
         <name>.text</name>
         <load_address>0x623c</load_address>
         <run_address>0x623c</run_address>
         <size>0x1b6</size>
         <input_file_ref idref="fl-f4"/>
      </object_component>
      <object_component id="oc-ed">
         <name>.text</name>
         <load_address>0x63f4</load_address>
         <run_address>0x63f4</run_address>
         <size>0x1a8</size>
         <input_file_ref idref="fl-6"/>
      </object_component>
      <object_component id="oc-15a">
         <name>.text</name>
         <load_address>0x659c</load_address>
         <run_address>0x659c</run_address>
         <size>0x18c</size>
         <input_file_ref idref="fl-13"/>
      </object_component>
      <object_component id="oc-1d9">
         <name>.text</name>
         <load_address>0x6728</load_address>
         <run_address>0x6728</run_address>
         <size>0xfc</size>
         <input_file_ref idref="fl-f5"/>
      </object_component>
      <object_component id="oc-f3">
         <name>.text</name>
         <load_address>0x6824</load_address>
         <run_address>0x6824</run_address>
         <size>0xb0</size>
         <input_file_ref idref="fl-9"/>
      </object_component>
      <object_component id="oc-9b">
         <name>.text</name>
         <load_address>0x68d4</load_address>
         <run_address>0x68d4</run_address>
         <size>0xa8</size>
         <input_file_ref idref="fl-2"/>
      </object_component>
      <object_component id="oc-3b">
         <name>.text</name>
         <load_address>0x697c</load_address>
         <run_address>0x697c</run_address>
         <size>0x9c</size>
         <input_file_ref idref="fl-100"/>
      </object_component>
      <object_component id="oc-19b">
         <name>.text</name>
         <load_address>0x6a18</load_address>
         <run_address>0x6a18</run_address>
         <size>0x88</size>
         <input_file_ref idref="fl-30"/>
      </object_component>
      <object_component id="oc-8f">
         <name>.text</name>
         <load_address>0x6aa0</load_address>
         <run_address>0x6aa0</run_address>
         <size>0x7a</size>
         <input_file_ref idref="fl-101"/>
      </object_component>
      <object_component id="oc-db">
         <name>.text</name>
         <load_address>0x6b1c</load_address>
         <run_address>0x6b1c</run_address>
         <size>0x78</size>
         <input_file_ref idref="fl-10"/>
      </object_component>
      <object_component id="oc-1e3">
         <name>.text</name>
         <load_address>0x6b94</load_address>
         <run_address>0x6b94</run_address>
         <size>0x6e</size>
         <input_file_ref idref="fl-f7"/>
      </object_component>
      <object_component id="oc-15">
         <name>.text:decompress:lzss:__TI_decompress_lzss</name>
         <load_address>0x6c02</load_address>
         <run_address>0x6c02</run_address>
         <size>0x68</size>
         <input_file_ref idref="fl-fd"/>
      </object_component>
      <object_component id="oc-1a1">
         <name>.text</name>
         <load_address>0x6c6c</load_address>
         <run_address>0x6c6c</run_address>
         <size>0x5c</size>
         <input_file_ref idref="fl-8"/>
      </object_component>
      <object_component id="oc-111">
         <name>.text:__TI_auto_init_nobinit_nopinit:__TI_auto_init_nobinit_nopinit</name>
         <load_address>0x6cc8</load_address>
         <run_address>0x6cc8</run_address>
         <size>0x44</size>
         <input_file_ref idref="fl-102"/>
      </object_component>
      <object_component id="oc-d5">
         <name>.text</name>
         <load_address>0x6d0c</load_address>
         <run_address>0x6d0c</run_address>
         <size>0x40</size>
         <input_file_ref idref="fl-14"/>
      </object_component>
      <object_component id="oc-23c">
         <name>.text</name>
         <load_address>0x6d4c</load_address>
         <run_address>0x6d4c</run_address>
         <size>0x40</size>
         <input_file_ref idref="fl-fa"/>
      </object_component>
      <object_component id="oc-185">
         <name>.text</name>
         <load_address>0x6d8c</load_address>
         <run_address>0x6d8c</run_address>
         <size>0x3e</size>
         <input_file_ref idref="fl-19"/>
      </object_component>
      <object_component id="oc-1d4">
         <name>.text</name>
         <load_address>0x6dca</load_address>
         <run_address>0x6dca</run_address>
         <size>0x38</size>
         <input_file_ref idref="fl-f8"/>
      </object_component>
      <object_component id="oc-59">
         <name>.text:_c_int00_noargs:_c_int00_noargs</name>
         <load_address>0x6e04</load_address>
         <run_address>0x6e04</run_address>
         <size>0x34</size>
         <input_file_ref idref="fl-fe"/>
      </object_component>
      <object_component id="oc-1e8">
         <name>.text</name>
         <load_address>0x6e38</load_address>
         <run_address>0x6e38</run_address>
         <size>0x2e</size>
         <input_file_ref idref="fl-f9"/>
      </object_component>
      <object_component id="oc-1b2">
         <name>.text</name>
         <load_address>0x6e66</load_address>
         <run_address>0x6e66</run_address>
         <size>0xe</size>
         <input_file_ref idref="fl-5"/>
      </object_component>
      <object_component id="oc-1b">
         <name>.text:decompress:none:__TI_decompress_none</name>
         <load_address>0x6e74</load_address>
         <run_address>0x6e74</run_address>
         <size>0xe</size>
         <input_file_ref idref="fl-fc"/>
      </object_component>
      <object_component id="oc-4d">
         <name>.text:decompress:ZI:__TI_zero_init</name>
         <load_address>0x6e82</load_address>
         <run_address>0x6e82</run_address>
         <size>0xc</size>
         <input_file_ref idref="fl-fb"/>
      </object_component>
      <object_component id="oc-27">
         <name>.text</name>
         <load_address>0x6e8e</load_address>
         <run_address>0x6e8e</run_address>
         <size>0xc</size>
         <input_file_ref idref="fl-4"/>
      </object_component>
      <object_component id="oc-160">
         <name>.text:SysCtlDelay</name>
         <load_address>0x6e9a</load_address>
         <run_address>0x6e9a</run_address>
         <size>0x6</size>
         <input_file_ref idref="fl-2e"/>
      </object_component>
      <object_component id="oc-95">
         <name>.text:_system_pre_init</name>
         <load_address>0x6ea0</load_address>
         <run_address>0x6ea0</run_address>
         <size>0x4</size>
         <input_file_ref idref="fl-103"/>
      </object_component>
      <object_component id="oc-105">
         <name>.text:abort:abort</name>
         <load_address>0x6ea4</load_address>
         <run_address>0x6ea4</run_address>
         <size>0x4</size>
         <input_file_ref idref="fl-105"/>
      </object_component>
      <object_component id="oc-191">
         <name>.const:g_pppui32XTALtoVCO</name>
         <load_address>0x6ea8</load_address>
         <run_address>0x6ea8</run_address>
         <size>0x1b0</size>
         <input_file_ref idref="fl-2e"/>
      </object_component>
      <object_component id="oc-211">
         <name>.const:g_ppui32GPIOIntMapSnowflake</name>
         <load_address>0x7058</load_address>
         <run_address>0x7058</run_address>
         <size>0xd8</size>
         <input_file_ref idref="fl-22"/>
      </object_component>
      <object_component id="oc-20e">
         <name>.const:g_ppui32GPIOIntMapBlizzard</name>
         <load_address>0x7130</load_address>
         <run_address>0x7130</run_address>
         <size>0xc0</size>
         <input_file_ref idref="fl-22"/>
      </object_component>
      <object_component id="oc-257">
         <name>.const:g_pui32Regs</name>
         <load_address>0x71f0</load_address>
         <run_address>0x71f0</run_address>
         <size>0x9c</size>
         <input_file_ref idref="fl-25"/>
      </object_component>
      <object_component id="oc-214">
         <name>.const:g_pui32GPIOBaseAddrs</name>
         <load_address>0x728c</load_address>
         <run_address>0x728c</run_address>
         <size>0x90</size>
         <input_file_ref idref="fl-22"/>
      </object_component>
      <object_component id="oc-18b">
         <name>.const:g_pui32Xtals</name>
         <load_address>0x731c</load_address>
         <run_address>0x731c</run_address>
         <size>0x6c</size>
         <input_file_ref idref="fl-2e"/>
      </object_component>
      <object_component id="oc-2c9">
         <name>.const:g_ppui32I2CIntMapSnowflake</name>
         <load_address>0x7388</load_address>
         <run_address>0x7388</run_address>
         <size>0x50</size>
         <input_file_ref idref="fl-24"/>
      </object_component>
      <object_component id="oc-22b">
         <name>.const:g_ppui32UARTIntMap</name>
         <load_address>0x73d8</load_address>
         <run_address>0x73d8</run_address>
         <size>0x40</size>
         <input_file_ref idref="fl-32"/>
      </object_component>
      <object_component id="oc-22e">
         <name>.const:g_ppui32UARTIntMapSnowflake</name>
         <load_address>0x7418</load_address>
         <run_address>0x7418</run_address>
         <size>0x40</size>
         <input_file_ref idref="fl-32"/>
      </object_component>
      <object_component id="oc-2c6">
         <name>.const:g_ppui32I2CIntMap</name>
         <load_address>0x7458</load_address>
         <run_address>0x7458</run_address>
         <size>0x30</size>
         <input_file_ref idref="fl-24"/>
      </object_component>
      <object_component id="oc-17c">
         <name>.const:g_sXTALtoMEMTIM</name>
         <load_address>0x7488</load_address>
         <run_address>0x7488</run_address>
         <size>0x30</size>
         <input_file_ref idref="fl-2e"/>
      </object_component>
      <object_component id="oc-2bc">
         <name>.const:g_ppui32SSIIntMap</name>
         <load_address>0x74b8</load_address>
         <run_address>0x74b8</run_address>
         <size>0x20</size>
         <input_file_ref idref="fl-2c"/>
      </object_component>
      <object_component id="oc-2bf">
         <name>.const:g_ppui32SSIIntMapSnowflake</name>
         <load_address>0x74d8</load_address>
         <run_address>0x74d8</run_address>
         <size>0x20</size>
         <input_file_ref idref="fl-2c"/>
      </object_component>
      <object_component id="oc-254">
         <name>.const:g_pui32Priority</name>
         <load_address>0x74f8</load_address>
         <run_address>0x74f8</run_address>
         <size>0x20</size>
         <input_file_ref idref="fl-25"/>
      </object_component>
      <object_component id="oc-25d">
         <name>.const:g_pui32Dii16Regs</name>
         <load_address>0x7518</load_address>
         <run_address>0x7518</run_address>
         <size>0x14</size>
         <input_file_ref idref="fl-25"/>
      </object_component>
      <object_component id="oc-25a">
         <name>.const:g_pui32EnRegs</name>
         <load_address>0x752c</load_address>
         <run_address>0x752c</run_address>
         <size>0x14</size>
         <input_file_ref idref="fl-25"/>
      </object_component>
      <object_component id="oc-260">
         <name>.const:g_pui32PendRegs</name>
         <load_address>0x7540</load_address>
         <run_address>0x7540</run_address>
         <size>0x14</size>
         <input_file_ref idref="fl-25"/>
      </object_component>
      <object_component id="oc-263">
         <name>.const:g_pui32UnpendRegs</name>
         <load_address>0x7554</load_address>
         <run_address>0x7554</run_address>
         <size>0x14</size>
         <input_file_ref idref="fl-25"/>
      </object_component>
      <object_component id="oc-2e2">
         <name>.const:.string</name>
         <load_address>0x7568</load_address>
         <run_address>0x7568</run_address>
         <size>0x12</size>
         <input_file_ref idref="fl-33"/>
      </object_component>
      <object_component id="oc-177">
         <name>.const:.string:$P$T0$1</name>
         <load_address>0x757a</load_address>
         <run_address>0x757a</run_address>
         <size>0x2</size>
         <input_file_ref idref="fl-10"/>
      </object_component>
      <object_component id="oc-239">
         <name>.const:g_ui32UARTBase</name>
         <load_address>0x757c</load_address>
         <run_address>0x757c</run_address>
         <size>0xc</size>
         <input_file_ref idref="fl-33"/>
      </object_component>
      <object_component id="oc-233">
         <name>.const:g_ui32UARTPeriph</name>
         <load_address>0x7588</load_address>
         <run_address>0x7588</run_address>
         <size>0xc</size>
         <input_file_ref idref="fl-33"/>
      </object_component>
      <object_component id="oc-18e">
         <name>.const:g_pui32VCOFrequencies</name>
         <load_address>0x7594</load_address>
         <run_address>0x7594</run_address>
         <size>0x8</size>
         <input_file_ref idref="fl-2e"/>
      </object_component>
      <object_component id="oc-241">
         <name>.const</name>
         <load_address>0x759c</load_address>
         <run_address>0x759c</run_address>
         <size>0x4</size>
         <input_file_ref idref="fl-33"/>
      </object_component>
      <object_component id="oc-348">
         <name>.cinit..data.load</name>
         <load_address>0x75a0</load_address>
         <run_address>0x75a0</run_address>
         <size>0x1d</size>
      </object_component>
      <object_component id="oc-345">
         <name>__TI_handler_table</name>
         <load_address>0x75c0</load_address>
         <run_address>0x75c0</run_address>
         <size>0xc</size>
      </object_component>
      <object_component id="oc-349">
         <name>.cinit..bss.load</name>
         <load_address>0x75d0</load_address>
         <run_address>0x75d0</run_address>
         <size>0x8</size>
      </object_component>
      <object_component id="oc-347">
         <name>.cinit..vtable.load</name>
         <load_address>0x75d8</load_address>
         <run_address>0x75d8</run_address>
         <size>0x8</size>
      </object_component>
      <object_component id="oc-346">
         <name>__TI_cinit_table</name>
         <load_address>0x75e0</load_address>
         <run_address>0x75e0</run_address>
         <size>0x18</size>
      </object_component>
      <object_component id="oc-251">
         <name>.vtable</name>
         <uninitialized>true</uninitialized>
         <run_address>0x20000000</run_address>
         <size>0x26c</size>
         <input_file_ref idref="fl-25"/>
      </object_component>
      <object_component id="oc-1ce">
         <name>.data:gameboard</name>
         <load_address>0x2000026c</load_address>
         <run_address>0x2000026c</run_address>
         <size>0x4e20</size>
         <input_file_ref idref="fl-3"/>
      </object_component>
      <object_component id="oc-1d1">
         <name>.data</name>
         <load_address>0x2000508c</load_address>
         <run_address>0x2000508c</run_address>
         <size>0x28</size>
         <input_file_ref idref="fl-3"/>
      </object_component>
      <object_component id="oc-1bb">
         <name>.data</name>
         <load_address>0x200050bc</load_address>
         <run_address>0x200050bc</run_address>
         <size>0x4</size>
         <input_file_ref idref="fl-7"/>
      </object_component>
      <object_component id="oc-236">
         <name>.data</name>
         <load_address>0x200050b4</load_address>
         <run_address>0x200050b4</run_address>
         <size>0x5</size>
         <input_file_ref idref="fl-33"/>
      </object_component>
      <object_component id="oc-1c2">
         <name>.bss:FIFOs</name>
         <uninitialized>true</uninitialized>
         <run_address>0x20007748</run_address>
         <size>0xd0</size>
         <input_file_ref idref="fl-6"/>
      </object_component>
      <object_component id="oc-1b7">
         <name>.bss:threadControlBlocks</name>
         <uninitialized>true</uninitialized>
         <run_address>0x20007640</run_address>
         <size>0x108</size>
         <input_file_ref idref="fl-7"/>
      </object_component>
      <object_component id="oc-1be">
         <name>.bss:threadStacks</name>
         <uninitialized>true</uninitialized>
         <run_address>0x200050c0</run_address>
         <size>0x2580</size>
         <input_file_ref idref="fl-7"/>
      </object_component>
      <object_component id="oc-1af">
         <name>.bss:pthreadControlBlocks</name>
         <uninitialized>true</uninitialized>
         <run_address>0x20007818</run_address>
         <size>0x48</size>
         <input_file_ref idref="fl-7"/>
      </object_component>
      <object_component id="oc-1ac">
         <name>.bss</name>
         <uninitialized>true</uninitialized>
         <run_address>0x20007860</run_address>
         <size>0x8</size>
         <input_file_ref idref="fl-7"/>
      </object_component>
      <object_component id="oc-1a6">
         <name>.common:SystemTime</name>
         <uninitialized>true</uninitialized>
         <run_address>0x20007870</run_address>
         <size>0x4</size>
      </object_component>
      <object_component id="oc-1ba">
         <name>.common:IBit_State</name>
         <uninitialized>true</uninitialized>
         <run_address>0x2000786c</run_address>
         <size>0x4</size>
      </object_component>
      <object_component id="oc-f9">
         <name>.common:sem_I2CA</name>
         <uninitialized>true</uninitialized>
         <run_address>0x20007874</run_address>
         <size>0x4</size>
      </object_component>
      <object_component id="oc-fc">
         <name>.common:sem_SPIA</name>
         <uninitialized>true</uninitialized>
         <run_address>0x2000787c</run_address>
         <size>0x4</size>
      </object_component>
      <object_component id="oc-fd">
         <name>.common:sem_PCA9555_Debounce</name>
         <uninitialized>true</uninitialized>
         <run_address>0x20007878</run_address>
         <size>0x4</size>
      </object_component>
      <object_component id="oc-1ab">
         <name>.common:CurrentlyRunningThread</name>
         <uninitialized>true</uninitialized>
         <run_address>0x20007868</run_address>
         <size>0x4</size>
      </object_component>
      <object_component id="oc-24">
         <name>.stack</name>
         <uninitialized>true</uninitialized>
         <run_address>0x20007880</run_address>
         <size>0x4</size>
         <input_file_ref idref="fl-fe"/>
      </object_component>
      <object_component id="oc-34b">
         <name>.stack</name>
         <uninitialized>true</uninitialized>
         <run_address>0x20007880</run_address>
         <size>0x0</size>
      </object_component>
      <object_component id="oc-b7">
         <name>.debug_info</name>
         <load_address>0x0</load_address>
         <run_address>0x0</run_address>
         <size>0x614</size>
         <input_file_ref idref="fl-2"/>
      </object_component>
      <object_component id="oc-9f">
         <name>.debug_info</name>
         <load_address>0x614</load_address>
         <run_address>0x614</run_address>
         <size>0x2d6</size>
         <input_file_ref idref="fl-2"/>
      </object_component>
      <object_component id="oc-14f">
         <name>.debug_info</name>
         <load_address>0x8ea</load_address>
         <run_address>0x8ea</run_address>
         <size>0x7e</size>
         <input_file_ref idref="fl-2"/>
      </object_component>
      <object_component id="oc-70">
         <name>.debug_info</name>
         <load_address>0x968</load_address>
         <run_address>0x968</run_address>
         <size>0x26b</size>
         <input_file_ref idref="fl-2"/>
      </object_component>
      <object_component id="oc-b2">
         <name>.debug_info</name>
         <load_address>0xbd3</load_address>
         <run_address>0xbd3</run_address>
         <size>0x8b</size>
         <input_file_ref idref="fl-2"/>
      </object_component>
      <object_component id="oc-ad">
         <name>.debug_info</name>
         <load_address>0xc5e</load_address>
         <run_address>0xc5e</run_address>
         <size>0x2a4</size>
         <input_file_ref idref="fl-2"/>
      </object_component>
      <object_component id="oc-195">
         <name>.debug_info</name>
         <load_address>0xf02</load_address>
         <run_address>0xf02</run_address>
         <size>0xef</size>
         <input_file_ref idref="fl-2"/>
      </object_component>
      <object_component id="oc-75">
         <name>.debug_info</name>
         <load_address>0xff1</load_address>
         <run_address>0xff1</run_address>
         <size>0xbb</size>
         <input_file_ref idref="fl-2"/>
      </object_component>
      <object_component id="oc-145">
         <name>.debug_info</name>
         <load_address>0x10ac</load_address>
         <run_address>0x10ac</run_address>
         <size>0x2c</size>
         <input_file_ref idref="fl-2"/>
      </object_component>
      <object_component id="oc-14a">
         <name>.debug_info</name>
         <load_address>0x10d8</load_address>
         <run_address>0x10d8</run_address>
         <size>0x1a2</size>
         <input_file_ref idref="fl-2"/>
      </object_component>
      <object_component id="oc-246">
         <name>.debug_info</name>
         <load_address>0x127a</load_address>
         <run_address>0x127a</run_address>
         <size>0x2c</size>
         <input_file_ref idref="fl-2"/>
      </object_component>
      <object_component id="oc-fa">
         <name>.debug_info</name>
         <load_address>0x12a6</load_address>
         <run_address>0x12a6</run_address>
         <size>0x74b</size>
         <input_file_ref idref="fl-3"/>
      </object_component>
      <object_component id="oc-1cf">
         <name>.debug_info</name>
         <load_address>0x19f1</load_address>
         <run_address>0x19f1</run_address>
         <size>0xd1</size>
         <input_file_ref idref="fl-3"/>
      </object_component>
      <object_component id="oc-1d2">
         <name>.debug_info</name>
         <load_address>0x1ac2</load_address>
         <run_address>0x1ac2</run_address>
         <size>0x2b5</size>
         <input_file_ref idref="fl-3"/>
      </object_component>
      <object_component id="oc-101">
         <name>.debug_info</name>
         <load_address>0x1d77</load_address>
         <run_address>0x1d77</run_address>
         <size>0x175a</size>
         <input_file_ref idref="fl-3"/>
      </object_component>
      <object_component id="oc-1c9">
         <name>.debug_info</name>
         <load_address>0x34d1</load_address>
         <run_address>0x34d1</run_address>
         <size>0x35</size>
         <input_file_ref idref="fl-3"/>
      </object_component>
      <object_component id="oc-2f">
         <name>.debug_info</name>
         <load_address>0x3506</load_address>
         <run_address>0x3506</run_address>
         <size>0x2a9</size>
         <input_file_ref idref="fl-4"/>
      </object_component>
      <object_component id="oc-13">
         <name>.debug_info</name>
         <load_address>0x37af</load_address>
         <run_address>0x37af</run_address>
         <size>0xe8</size>
         <input_file_ref idref="fl-4"/>
      </object_component>
      <object_component id="oc-29">
         <name>.debug_info</name>
         <load_address>0x3897</load_address>
         <run_address>0x3897</run_address>
         <size>0x264</size>
         <input_file_ref idref="fl-4"/>
      </object_component>
      <object_component id="oc-36">
         <name>.debug_info</name>
         <load_address>0x3afb</load_address>
         <run_address>0x3afb</run_address>
         <size>0x84</size>
         <input_file_ref idref="fl-4"/>
      </object_component>
      <object_component id="oc-1b4">
         <name>.debug_info</name>
         <load_address>0x3b7f</load_address>
         <run_address>0x3b7f</run_address>
         <size>0x148</size>
         <input_file_ref idref="fl-5"/>
      </object_component>
      <object_component id="oc-289">
         <name>.debug_info</name>
         <load_address>0x3cc7</load_address>
         <run_address>0x3cc7</run_address>
         <size>0x347</size>
         <input_file_ref idref="fl-6"/>
      </object_component>
      <object_component id="oc-1c3">
         <name>.debug_info</name>
         <load_address>0x400e</load_address>
         <run_address>0x400e</run_address>
         <size>0xd6</size>
         <input_file_ref idref="fl-6"/>
      </object_component>
      <object_component id="oc-ef">
         <name>.debug_info</name>
         <load_address>0x40e4</load_address>
         <run_address>0x40e4</run_address>
         <size>0x3d3</size>
         <input_file_ref idref="fl-6"/>
      </object_component>
      <object_component id="oc-2fb">
         <name>.debug_info</name>
         <load_address>0x44b7</load_address>
         <run_address>0x44b7</run_address>
         <size>0xb2</size>
         <input_file_ref idref="fl-6"/>
      </object_component>
      <object_component id="oc-1a7">
         <name>.debug_info</name>
         <load_address>0x4569</load_address>
         <run_address>0x4569</run_address>
         <size>0x57b</size>
         <input_file_ref idref="fl-7"/>
      </object_component>
      <object_component id="oc-1b8">
         <name>.debug_info</name>
         <load_address>0x4ae4</load_address>
         <run_address>0x4ae4</run_address>
         <size>0xf8</size>
         <input_file_ref idref="fl-7"/>
      </object_component>
      <object_component id="oc-1bf">
         <name>.debug_info</name>
         <load_address>0x4bdc</load_address>
         <run_address>0x4bdc</run_address>
         <size>0xea</size>
         <input_file_ref idref="fl-7"/>
      </object_component>
      <object_component id="oc-1b0">
         <name>.debug_info</name>
         <load_address>0x4cc6</load_address>
         <run_address>0x4cc6</run_address>
         <size>0xfa</size>
         <input_file_ref idref="fl-7"/>
      </object_component>
      <object_component id="oc-1ad">
         <name>.debug_info</name>
         <load_address>0x4dc0</load_address>
         <run_address>0x4dc0</run_address>
         <size>0x120</size>
         <input_file_ref idref="fl-7"/>
      </object_component>
      <object_component id="oc-1bc">
         <name>.debug_info</name>
         <load_address>0x4ee0</load_address>
         <run_address>0x4ee0</run_address>
         <size>0xec</size>
         <input_file_ref idref="fl-7"/>
      </object_component>
      <object_component id="oc-e9">
         <name>.debug_info</name>
         <load_address>0x4fcc</load_address>
         <run_address>0x4fcc</run_address>
         <size>0xe48</size>
         <input_file_ref idref="fl-7"/>
      </object_component>
      <object_component id="oc-1a3">
         <name>.debug_info</name>
         <load_address>0x5e14</load_address>
         <run_address>0x5e14</run_address>
         <size>0x144</size>
         <input_file_ref idref="fl-8"/>
      </object_component>
      <object_component id="oc-1a9">
         <name>.debug_info</name>
         <load_address>0x5f58</load_address>
         <run_address>0x5f58</run_address>
         <size>0x38f</size>
         <input_file_ref idref="fl-9"/>
      </object_component>
      <object_component id="oc-f4">
         <name>.debug_info</name>
         <load_address>0x62e7</load_address>
         <run_address>0x62e7</run_address>
         <size>0x3e9</size>
         <input_file_ref idref="fl-9"/>
      </object_component>
      <object_component id="oc-169">
         <name>.debug_info</name>
         <load_address>0x66d0</load_address>
         <run_address>0x66d0</run_address>
         <size>0x3de</size>
         <input_file_ref idref="fl-a"/>
      </object_component>
      <object_component id="oc-d2">
         <name>.debug_info</name>
         <load_address>0x6aae</load_address>
         <run_address>0x6aae</run_address>
         <size>0x112b</size>
         <input_file_ref idref="fl-a"/>
      </object_component>
      <object_component id="oc-cc">
         <name>.debug_info</name>
         <load_address>0x7bd9</load_address>
         <run_address>0x7bd9</run_address>
         <size>0x17ed</size>
         <input_file_ref idref="fl-f"/>
      </object_component>
      <object_component id="oc-17b">
         <name>.debug_info</name>
         <load_address>0x93c6</load_address>
         <run_address>0x93c6</run_address>
         <size>0x49c</size>
         <input_file_ref idref="fl-10"/>
      </object_component>
      <object_component id="oc-178">
         <name>.debug_info</name>
         <load_address>0x9862</load_address>
         <run_address>0x9862</run_address>
         <size>0xe9</size>
         <input_file_ref idref="fl-10"/>
      </object_component>
      <object_component id="oc-dd">
         <name>.debug_info</name>
         <load_address>0x994b</load_address>
         <run_address>0x994b</run_address>
         <size>0x2fe</size>
         <input_file_ref idref="fl-10"/>
      </object_component>
      <object_component id="oc-228">
         <name>.debug_info</name>
         <load_address>0x9c49</load_address>
         <run_address>0x9c49</run_address>
         <size>0x4e1</size>
         <input_file_ref idref="fl-11"/>
      </object_component>
      <object_component id="oc-165">
         <name>.debug_info</name>
         <load_address>0xa12a</load_address>
         <run_address>0xa12a</run_address>
         <size>0x9c0</size>
         <input_file_ref idref="fl-11"/>
      </object_component>
      <object_component id="oc-220">
         <name>.debug_info</name>
         <load_address>0xaaea</load_address>
         <run_address>0xaaea</run_address>
         <size>0x492</size>
         <input_file_ref idref="fl-13"/>
      </object_component>
      <object_component id="oc-15b">
         <name>.debug_info</name>
         <load_address>0xaf7c</load_address>
         <run_address>0xaf7c</run_address>
         <size>0x6e6</size>
         <input_file_ref idref="fl-13"/>
      </object_component>
      <object_component id="oc-d7">
         <name>.debug_info</name>
         <load_address>0xb662</load_address>
         <run_address>0xb662</run_address>
         <size>0x1e3</size>
         <input_file_ref idref="fl-14"/>
      </object_component>
      <object_component id="oc-186">
         <name>.debug_info</name>
         <load_address>0xb845</load_address>
         <run_address>0xb845</run_address>
         <size>0x335</size>
         <input_file_ref idref="fl-19"/>
      </object_component>
      <object_component id="oc-218">
         <name>.debug_info</name>
         <load_address>0xbb7a</load_address>
         <run_address>0xbb7a</run_address>
         <size>0x359</size>
         <input_file_ref idref="fl-22"/>
      </object_component>
      <object_component id="oc-20f">
         <name>.debug_info</name>
         <load_address>0xbed3</load_address>
         <run_address>0xbed3</run_address>
         <size>0xf9</size>
         <input_file_ref idref="fl-22"/>
      </object_component>
      <object_component id="oc-212">
         <name>.debug_info</name>
         <load_address>0xbfcc</load_address>
         <run_address>0xbfcc</run_address>
         <size>0xfb</size>
         <input_file_ref idref="fl-22"/>
      </object_component>
      <object_component id="oc-215">
         <name>.debug_info</name>
         <load_address>0xc0c7</load_address>
         <run_address>0xc0c7</run_address>
         <size>0xed</size>
         <input_file_ref idref="fl-22"/>
      </object_component>
      <object_component id="oc-158">
         <name>.debug_info</name>
         <load_address>0xc1b4</load_address>
         <run_address>0xc1b4</run_address>
         <size>0x31e2</size>
         <input_file_ref idref="fl-22"/>
      </object_component>
      <object_component id="oc-2cd">
         <name>.debug_info</name>
         <load_address>0xf396</load_address>
         <run_address>0xf396</run_address>
         <size>0x34a</size>
         <input_file_ref idref="fl-24"/>
      </object_component>
      <object_component id="oc-2c7">
         <name>.debug_info</name>
         <load_address>0xf6e0</load_address>
         <run_address>0xf6e0</run_address>
         <size>0xe6</size>
         <input_file_ref idref="fl-24"/>
      </object_component>
      <object_component id="oc-2ca">
         <name>.debug_info</name>
         <load_address>0xf7c6</load_address>
         <run_address>0xf7c6</run_address>
         <size>0xf8</size>
         <input_file_ref idref="fl-24"/>
      </object_component>
      <object_component id="oc-222">
         <name>.debug_info</name>
         <load_address>0xf8be</load_address>
         <run_address>0xf8be</run_address>
         <size>0x2b52</size>
         <input_file_ref idref="fl-24"/>
      </object_component>
      <object_component id="oc-267">
         <name>.debug_info</name>
         <load_address>0x12410</load_address>
         <run_address>0x12410</run_address>
         <size>0x336</size>
         <input_file_ref idref="fl-25"/>
      </object_component>
      <object_component id="oc-255">
         <name>.debug_info</name>
         <load_address>0x12746</load_address>
         <run_address>0x12746</run_address>
         <size>0xe8</size>
         <input_file_ref idref="fl-25"/>
      </object_component>
      <object_component id="oc-258">
         <name>.debug_info</name>
         <load_address>0x1282e</load_address>
         <run_address>0x1282e</run_address>
         <size>0xe0</size>
         <input_file_ref idref="fl-25"/>
      </object_component>
      <object_component id="oc-25b">
         <name>.debug_info</name>
         <load_address>0x1290e</load_address>
         <run_address>0x1290e</run_address>
         <size>0xe4</size>
         <input_file_ref idref="fl-25"/>
      </object_component>
      <object_component id="oc-25e">
         <name>.debug_info</name>
         <load_address>0x129f2</load_address>
         <run_address>0x129f2</run_address>
         <size>0xea</size>
         <input_file_ref idref="fl-25"/>
      </object_component>
      <object_component id="oc-261">
         <name>.debug_info</name>
         <load_address>0x12adc</load_address>
         <run_address>0x12adc</run_address>
         <size>0xe8</size>
         <input_file_ref idref="fl-25"/>
      </object_component>
      <object_component id="oc-264">
         <name>.debug_info</name>
         <load_address>0x12bc4</load_address>
         <run_address>0x12bc4</run_address>
         <size>0xec</size>
         <input_file_ref idref="fl-25"/>
      </object_component>
      <object_component id="oc-252">
         <name>.debug_info</name>
         <load_address>0x12cb0</load_address>
         <run_address>0x12cb0</run_address>
         <size>0xe9</size>
         <input_file_ref idref="fl-25"/>
      </object_component>
      <object_component id="oc-180">
         <name>.debug_info</name>
         <load_address>0x12d99</load_address>
         <run_address>0x12d99</run_address>
         <size>0xce9</size>
         <input_file_ref idref="fl-25"/>
      </object_component>
      <object_component id="oc-2c3">
         <name>.debug_info</name>
         <load_address>0x13a82</load_address>
         <run_address>0x13a82</run_address>
         <size>0x33a</size>
         <input_file_ref idref="fl-2c"/>
      </object_component>
      <object_component id="oc-2bd">
         <name>.debug_info</name>
         <load_address>0x13dbc</load_address>
         <run_address>0x13dbc</run_address>
         <size>0xe6</size>
         <input_file_ref idref="fl-2c"/>
      </object_component>
      <object_component id="oc-2c0">
         <name>.debug_info</name>
         <load_address>0x13ea2</load_address>
         <run_address>0x13ea2</run_address>
         <size>0xf8</size>
         <input_file_ref idref="fl-2c"/>
      </object_component>
      <object_component id="oc-21a">
         <name>.debug_info</name>
         <load_address>0x13f9a</load_address>
         <run_address>0x13f9a</run_address>
         <size>0x1661</size>
         <input_file_ref idref="fl-2c"/>
      </object_component>
      <object_component id="oc-19a">
         <name>.debug_info</name>
         <load_address>0x155fb</load_address>
         <run_address>0x155fb</run_address>
         <size>0x3bb</size>
         <input_file_ref idref="fl-2e"/>
      </object_component>
      <object_component id="oc-18c">
         <name>.debug_info</name>
         <load_address>0x159b6</load_address>
         <run_address>0x159b6</run_address>
         <size>0xdf</size>
         <input_file_ref idref="fl-2e"/>
      </object_component>
      <object_component id="oc-192">
         <name>.debug_info</name>
         <load_address>0x15a95</load_address>
         <run_address>0x15a95</run_address>
         <size>0xeb</size>
         <input_file_ref idref="fl-2e"/>
      </object_component>
      <object_component id="oc-17d">
         <name>.debug_info</name>
         <load_address>0x15b80</load_address>
         <run_address>0x15b80</run_address>
         <size>0xe5</size>
         <input_file_ref idref="fl-2e"/>
      </object_component>
      <object_component id="oc-18f">
         <name>.debug_info</name>
         <load_address>0x15c65</load_address>
         <run_address>0x15c65</run_address>
         <size>0xf2</size>
         <input_file_ref idref="fl-2e"/>
      </object_component>
      <object_component id="oc-e4">
         <name>.debug_info</name>
         <load_address>0x15d57</load_address>
         <run_address>0x15d57</run_address>
         <size>0x2b2f</size>
         <input_file_ref idref="fl-2e"/>
      </object_component>
      <object_component id="oc-271">
         <name>.debug_info</name>
         <load_address>0x18886</load_address>
         <run_address>0x18886</run_address>
         <size>0x51</size>
         <input_file_ref idref="fl-2e"/>
      </object_component>
      <object_component id="oc-276">
         <name>.debug_info</name>
         <load_address>0x188d7</load_address>
         <run_address>0x188d7</run_address>
         <size>0x2c5</size>
         <input_file_ref idref="fl-30"/>
      </object_component>
      <object_component id="oc-19c">
         <name>.debug_info</name>
         <load_address>0x18b9c</load_address>
         <run_address>0x18b9c</run_address>
         <size>0x53e</size>
         <input_file_ref idref="fl-30"/>
      </object_component>
      <object_component id="oc-232">
         <name>.debug_info</name>
         <load_address>0x190da</load_address>
         <run_address>0x190da</run_address>
         <size>0x33b</size>
         <input_file_ref idref="fl-32"/>
      </object_component>
      <object_component id="oc-22c">
         <name>.debug_info</name>
         <load_address>0x19415</load_address>
         <run_address>0x19415</run_address>
         <size>0xe9</size>
         <input_file_ref idref="fl-32"/>
      </object_component>
      <object_component id="oc-22f">
         <name>.debug_info</name>
         <load_address>0x194fe</load_address>
         <run_address>0x194fe</run_address>
         <size>0xfb</size>
         <input_file_ref idref="fl-32"/>
      </object_component>
      <object_component id="oc-16c">
         <name>.debug_info</name>
         <load_address>0x195f9</load_address>
         <run_address>0x195f9</run_address>
         <size>0x26fb</size>
         <input_file_ref idref="fl-32"/>
      </object_component>
      <object_component id="oc-245">
         <name>.debug_info</name>
         <load_address>0x1bcf4</load_address>
         <run_address>0x1bcf4</run_address>
         <size>0x3e7</size>
         <input_file_ref idref="fl-33"/>
      </object_component>
      <object_component id="oc-237">
         <name>.debug_info</name>
         <load_address>0x1c0db</load_address>
         <run_address>0x1c0db</run_address>
         <size>0xde</size>
         <input_file_ref idref="fl-33"/>
      </object_component>
      <object_component id="oc-242">
         <name>.debug_info</name>
         <load_address>0x1c1b9</load_address>
         <run_address>0x1c1b9</run_address>
         <size>0xd8</size>
         <input_file_ref idref="fl-33"/>
      </object_component>
      <object_component id="oc-23a">
         <name>.debug_info</name>
         <load_address>0x1c291</load_address>
         <run_address>0x1c291</run_address>
         <size>0xe6</size>
         <input_file_ref idref="fl-33"/>
      </object_component>
      <object_component id="oc-234">
         <name>.debug_info</name>
         <load_address>0x1c377</load_address>
         <run_address>0x1c377</run_address>
         <size>0xea</size>
         <input_file_ref idref="fl-33"/>
      </object_component>
      <object_component id="oc-173">
         <name>.debug_info</name>
         <load_address>0x1c461</load_address>
         <run_address>0x1c461</run_address>
         <size>0x7ff</size>
         <input_file_ref idref="fl-33"/>
      </object_component>
      <object_component id="oc-1e1">
         <name>.debug_info</name>
         <load_address>0x1cc60</load_address>
         <run_address>0x1cc60</run_address>
         <size>0x14c</size>
         <input_file_ref idref="fl-f4"/>
      </object_component>
      <object_component id="oc-1db">
         <name>.debug_info</name>
         <load_address>0x1cdac</load_address>
         <run_address>0x1cdac</run_address>
         <size>0x13a</size>
         <input_file_ref idref="fl-f5"/>
      </object_component>
      <object_component id="oc-1e6">
         <name>.debug_info</name>
         <load_address>0x1cee6</load_address>
         <run_address>0x1cee6</run_address>
         <size>0x13e</size>
         <input_file_ref idref="fl-f7"/>
      </object_component>
      <object_component id="oc-1d5">
         <name>.debug_info</name>
         <load_address>0x1d024</load_address>
         <run_address>0x1d024</run_address>
         <size>0x12c</size>
         <input_file_ref idref="fl-f8"/>
      </object_component>
      <object_component id="oc-1ea">
         <name>.debug_info</name>
         <load_address>0x1d150</load_address>
         <run_address>0x1d150</run_address>
         <size>0x12c</size>
         <input_file_ref idref="fl-f9"/>
      </object_component>
      <object_component id="oc-23e">
         <name>.debug_info</name>
         <load_address>0x1d27c</load_address>
         <run_address>0x1d27c</run_address>
         <size>0x142</size>
         <input_file_ref idref="fl-fa"/>
      </object_component>
      <object_component id="oc-8e">
         <name>.debug_info</name>
         <load_address>0x1d3be</load_address>
         <run_address>0x1d3be</run_address>
         <size>0x2d4</size>
         <input_file_ref idref="fl-fb"/>
      </object_component>
      <object_component id="oc-4f">
         <name>.debug_info</name>
         <load_address>0x1d692</load_address>
         <run_address>0x1d692</run_address>
         <size>0x1b5</size>
         <input_file_ref idref="fl-fb"/>
      </object_component>
      <object_component id="oc-89">
         <name>.debug_info</name>
         <load_address>0x1d847</load_address>
         <run_address>0x1d847</run_address>
         <size>0x46</size>
         <input_file_ref idref="fl-fb"/>
      </object_component>
      <object_component id="oc-c0">
         <name>.debug_info</name>
         <load_address>0x1d88d</load_address>
         <run_address>0x1d88d</run_address>
         <size>0x2c</size>
         <input_file_ref idref="fl-fb"/>
      </object_component>
      <object_component id="oc-46">
         <name>.debug_info</name>
         <load_address>0x1d8b9</load_address>
         <run_address>0x1d8b9</run_address>
         <size>0x2a8</size>
         <input_file_ref idref="fl-fc"/>
      </object_component>
      <object_component id="oc-1c">
         <name>.debug_info</name>
         <load_address>0x1db61</load_address>
         <run_address>0x1db61</run_address>
         <size>0x1ea</size>
         <input_file_ref idref="fl-fc"/>
      </object_component>
      <object_component id="oc-41">
         <name>.debug_info</name>
         <load_address>0x1dd4b</load_address>
         <run_address>0x1dd4b</run_address>
         <size>0x46</size>
         <input_file_ref idref="fl-fc"/>
      </object_component>
      <object_component id="oc-81">
         <name>.debug_info</name>
         <load_address>0x1dd91</load_address>
         <run_address>0x1dd91</run_address>
         <size>0x2c</size>
         <input_file_ref idref="fl-fc"/>
      </object_component>
      <object_component id="oc-7f">
         <name>.debug_info</name>
         <load_address>0x1ddbd</load_address>
         <run_address>0x1ddbd</run_address>
         <size>0x29e</size>
         <input_file_ref idref="fl-fd"/>
      </object_component>
      <object_component id="oc-16">
         <name>.debug_info</name>
         <load_address>0x1e05b</load_address>
         <run_address>0x1e05b</run_address>
         <size>0x250</size>
         <input_file_ref idref="fl-fd"/>
      </object_component>
      <object_component id="oc-31">
         <name>.debug_info</name>
         <load_address>0x1e2ab</load_address>
         <run_address>0x1e2ab</run_address>
         <size>0x60</size>
         <input_file_ref idref="fl-fd"/>
      </object_component>
      <object_component id="oc-b9">
         <name>.debug_info</name>
         <load_address>0x1e30b</load_address>
         <run_address>0x1e30b</run_address>
         <size>0x46</size>
         <input_file_ref idref="fl-fd"/>
      </object_component>
      <object_component id="oc-7a">
         <name>.debug_info</name>
         <load_address>0x1e351</load_address>
         <run_address>0x1e351</run_address>
         <size>0x39</size>
         <input_file_ref idref="fl-fd"/>
      </object_component>
      <object_component id="oc-25">
         <name>.debug_info</name>
         <load_address>0x1e38a</load_address>
         <run_address>0x1e38a</run_address>
         <size>0x10b</size>
         <input_file_ref idref="fl-fe"/>
      </object_component>
      <object_component id="oc-5a">
         <name>.debug_info</name>
         <load_address>0x1e495</load_address>
         <run_address>0x1e495</run_address>
         <size>0x1a9</size>
         <input_file_ref idref="fl-fe"/>
      </object_component>
      <object_component id="oc-2df">
         <name>.debug_info</name>
         <load_address>0x1e63e</load_address>
         <run_address>0x1e63e</run_address>
         <size>0x115</size>
         <input_file_ref idref="fl-ff"/>
      </object_component>
      <object_component id="oc-3c">
         <name>.debug_info</name>
         <load_address>0x1e753</load_address>
         <run_address>0x1e753</run_address>
         <size>0x119</size>
         <input_file_ref idref="fl-100"/>
      </object_component>
      <object_component id="oc-92">
         <name>.debug_info</name>
         <load_address>0x1e86c</load_address>
         <run_address>0x1e86c</run_address>
         <size>0x147</size>
         <input_file_ref idref="fl-101"/>
      </object_component>
      <object_component id="oc-1f9">
         <name>.debug_info</name>
         <load_address>0x1e9b3</load_address>
         <run_address>0x1e9b3</run_address>
         <size>0x4b3</size>
         <input_file_ref idref="fl-102"/>
      </object_component>
      <object_component id="oc-112">
         <name>.debug_info</name>
         <load_address>0x1ee66</load_address>
         <run_address>0x1ee66</run_address>
         <size>0x1a6</size>
         <input_file_ref idref="fl-102"/>
      </object_component>
      <object_component id="oc-2a3">
         <name>.debug_info</name>
         <load_address>0x1f00c</load_address>
         <run_address>0x1f00c</run_address>
         <size>0x39</size>
         <input_file_ref idref="fl-102"/>
      </object_component>
      <object_component id="oc-303">
         <name>.debug_info</name>
         <load_address>0x1f045</load_address>
         <run_address>0x1f045</run_address>
         <size>0x39</size>
         <input_file_ref idref="fl-102"/>
      </object_component>
      <object_component id="oc-2a8">
         <name>.debug_info</name>
         <load_address>0x1f07e</load_address>
         <run_address>0x1f07e</run_address>
         <size>0x39</size>
         <input_file_ref idref="fl-102"/>
      </object_component>
      <object_component id="oc-2ad">
         <name>.debug_info</name>
         <load_address>0x1f0b7</load_address>
         <run_address>0x1f0b7</run_address>
         <size>0xcd</size>
         <input_file_ref idref="fl-102"/>
      </object_component>
      <object_component id="oc-96">
         <name>.debug_info</name>
         <load_address>0x1f184</load_address>
         <run_address>0x1f184</run_address>
         <size>0x153</size>
         <input_file_ref idref="fl-103"/>
      </object_component>
      <object_component id="oc-107">
         <name>.debug_info</name>
         <load_address>0x1f2d7</load_address>
         <run_address>0x1f2d7</run_address>
         <size>0x122</size>
         <input_file_ref idref="fl-105"/>
      </object_component>
      <object_component id="oc-34c">
         <name>.debug_info</name>
         <load_address>0x1f3f9</load_address>
         <run_address>0x1f3f9</run_address>
         <size>0x9b</size>
      </object_component>
      <object_component id="oc-144">
         <name>.debug_line</name>
         <load_address>0x0</load_address>
         <run_address>0x0</run_address>
         <size>0x197</size>
         <input_file_ref idref="fl-2"/>
      </object_component>
      <object_component id="oc-9c">
         <name>.debug_line</name>
         <load_address>0x197</load_address>
         <run_address>0x197</run_address>
         <size>0x8d</size>
         <input_file_ref idref="fl-2"/>
      </object_component>
      <object_component id="oc-152">
         <name>.debug_line</name>
         <load_address>0x224</load_address>
         <run_address>0x224</run_address>
         <size>0x40</size>
         <input_file_ref idref="fl-2"/>
      </object_component>
      <object_component id="oc-73">
         <name>.debug_line</name>
         <load_address>0x264</load_address>
         <run_address>0x264</run_address>
         <size>0x6f</size>
         <input_file_ref idref="fl-2"/>
      </object_component>
      <object_component id="oc-b5">
         <name>.debug_line</name>
         <load_address>0x2d3</load_address>
         <run_address>0x2d3</run_address>
         <size>0x20</size>
         <input_file_ref idref="fl-2"/>
      </object_component>
      <object_component id="oc-b0">
         <name>.debug_line</name>
         <load_address>0x2f3</load_address>
         <run_address>0x2f3</run_address>
         <size>0x73</size>
         <input_file_ref idref="fl-2"/>
      </object_component>
      <object_component id="oc-198">
         <name>.debug_line</name>
         <load_address>0x366</load_address>
         <run_address>0x366</run_address>
         <size>0x6f</size>
         <input_file_ref idref="fl-2"/>
      </object_component>
      <object_component id="oc-78">
         <name>.debug_line</name>
         <load_address>0x3d5</load_address>
         <run_address>0x3d5</run_address>
         <size>0x70</size>
         <input_file_ref idref="fl-2"/>
      </object_component>
      <object_component id="oc-148">
         <name>.debug_line</name>
         <load_address>0x445</load_address>
         <run_address>0x445</run_address>
         <size>0x41</size>
         <input_file_ref idref="fl-2"/>
      </object_component>
      <object_component id="oc-14d">
         <name>.debug_line</name>
         <load_address>0x486</load_address>
         <run_address>0x486</run_address>
         <size>0x41</size>
         <input_file_ref idref="fl-2"/>
      </object_component>
      <object_component id="oc-249">
         <name>.debug_line</name>
         <load_address>0x4c7</load_address>
         <run_address>0x4c7</run_address>
         <size>0x6b</size>
         <input_file_ref idref="fl-2"/>
      </object_component>
      <object_component id="oc-1c8">
         <name>.debug_line</name>
         <load_address>0x532</load_address>
         <run_address>0x532</run_address>
         <size>0x1ba</size>
         <input_file_ref idref="fl-3"/>
      </object_component>
      <object_component id="oc-28b">
         <name>.debug_line</name>
         <load_address>0x6ec</load_address>
         <run_address>0x6ec</run_address>
         <size>0x30</size>
         <input_file_ref idref="fl-3"/>
      </object_component>
      <object_component id="oc-28d">
         <name>.debug_line</name>
         <load_address>0x71c</load_address>
         <run_address>0x71c</run_address>
         <size>0x30</size>
         <input_file_ref idref="fl-3"/>
      </object_component>
      <object_component id="oc-100">
         <name>.debug_line</name>
         <load_address>0x74c</load_address>
         <run_address>0x74c</run_address>
         <size>0x891</size>
         <input_file_ref idref="fl-3"/>
      </object_component>
      <object_component id="oc-1cc">
         <name>.debug_line</name>
         <load_address>0xfdd</load_address>
         <run_address>0xfdd</run_address>
         <size>0x72</size>
         <input_file_ref idref="fl-3"/>
      </object_component>
      <object_component id="oc-6f">
         <name>.debug_line</name>
         <load_address>0x104f</load_address>
         <run_address>0x104f</run_address>
         <size>0x41</size>
         <input_file_ref idref="fl-4"/>
      </object_component>
      <object_component id="oc-2e">
         <name>.debug_line</name>
         <load_address>0x1090</load_address>
         <run_address>0x1090</run_address>
         <size>0x41</size>
         <input_file_ref idref="fl-4"/>
      </object_component>
      <object_component id="oc-28">
         <name>.debug_line</name>
         <load_address>0x10d1</load_address>
         <run_address>0x10d1</run_address>
         <size>0xa1</size>
         <input_file_ref idref="fl-4"/>
      </object_component>
      <object_component id="oc-39">
         <name>.debug_line</name>
         <load_address>0x1172</load_address>
         <run_address>0x1172</run_address>
         <size>0x20</size>
         <input_file_ref idref="fl-4"/>
      </object_component>
      <object_component id="oc-1b6">
         <name>.debug_line</name>
         <load_address>0x1192</load_address>
         <run_address>0x1192</run_address>
         <size>0x66</size>
         <input_file_ref idref="fl-5"/>
      </object_component>
      <object_component id="oc-2fa">
         <name>.debug_line</name>
         <load_address>0x11f8</load_address>
         <run_address>0x11f8</run_address>
         <size>0x4a</size>
         <input_file_ref idref="fl-6"/>
      </object_component>
      <object_component id="oc-288">
         <name>.debug_line</name>
         <load_address>0x1242</load_address>
         <run_address>0x1242</run_address>
         <size>0x3e</size>
         <input_file_ref idref="fl-6"/>
      </object_component>
      <object_component id="oc-ee">
         <name>.debug_line</name>
         <load_address>0x1280</load_address>
         <run_address>0x1280</run_address>
         <size>0xbd</size>
         <input_file_ref idref="fl-6"/>
      </object_component>
      <object_component id="oc-2fe">
         <name>.debug_line</name>
         <load_address>0x133d</load_address>
         <run_address>0x133d</run_address>
         <size>0x3e</size>
         <input_file_ref idref="fl-6"/>
      </object_component>
      <object_component id="oc-279">
         <name>.debug_line</name>
         <load_address>0x137b</load_address>
         <run_address>0x137b</run_address>
         <size>0x153</size>
         <input_file_ref idref="fl-7"/>
      </object_component>
      <object_component id="oc-282">
         <name>.debug_line</name>
         <load_address>0x14ce</load_address>
         <run_address>0x14ce</run_address>
         <size>0x44</size>
         <input_file_ref idref="fl-7"/>
      </object_component>
      <object_component id="oc-286">
         <name>.debug_line</name>
         <load_address>0x1512</load_address>
         <run_address>0x1512</run_address>
         <size>0x44</size>
         <input_file_ref idref="fl-7"/>
      </object_component>
      <object_component id="oc-27f">
         <name>.debug_line</name>
         <load_address>0x1556</load_address>
         <run_address>0x1556</run_address>
         <size>0x44</size>
         <input_file_ref idref="fl-7"/>
      </object_component>
      <object_component id="oc-27d">
         <name>.debug_line</name>
         <load_address>0x159a</load_address>
         <run_address>0x159a</run_address>
         <size>0x44</size>
         <input_file_ref idref="fl-7"/>
      </object_component>
      <object_component id="oc-284">
         <name>.debug_line</name>
         <load_address>0x15de</load_address>
         <run_address>0x15de</run_address>
         <size>0x44</size>
         <input_file_ref idref="fl-7"/>
      </object_component>
      <object_component id="oc-e8">
         <name>.debug_line</name>
         <load_address>0x1622</load_address>
         <run_address>0x1622</run_address>
         <size>0x2cf</size>
         <input_file_ref idref="fl-7"/>
      </object_component>
      <object_component id="oc-1a2">
         <name>.debug_line</name>
         <load_address>0x18f1</load_address>
         <run_address>0x18f1</run_address>
         <size>0x79</size>
         <input_file_ref idref="fl-8"/>
      </object_component>
      <object_component id="oc-27b">
         <name>.debug_line</name>
         <load_address>0x196a</load_address>
         <run_address>0x196a</run_address>
         <size>0x74</size>
         <input_file_ref idref="fl-9"/>
      </object_component>
      <object_component id="oc-f7">
         <name>.debug_line</name>
         <load_address>0x19de</load_address>
         <run_address>0x19de</run_address>
         <size>0xaf</size>
         <input_file_ref idref="fl-9"/>
      </object_component>
      <object_component id="oc-22a">
         <name>.debug_line</name>
         <load_address>0x1a8d</load_address>
         <run_address>0x1a8d</run_address>
         <size>0x89</size>
         <input_file_ref idref="fl-a"/>
      </object_component>
      <object_component id="oc-d1">
         <name>.debug_line</name>
         <load_address>0x1b16</load_address>
         <run_address>0x1b16</run_address>
         <size>0x273</size>
         <input_file_ref idref="fl-a"/>
      </object_component>
      <object_component id="oc-ce">
         <name>.debug_line</name>
         <load_address>0x1d89</load_address>
         <run_address>0x1d89</run_address>
         <size>0x31b</size>
         <input_file_ref idref="fl-f"/>
      </object_component>
      <object_component id="oc-24e">
         <name>.debug_line</name>
         <load_address>0x20a4</load_address>
         <run_address>0x20a4</run_address>
         <size>0xc4</size>
         <input_file_ref idref="fl-10"/>
      </object_component>
      <object_component id="oc-24c">
         <name>.debug_line</name>
         <load_address>0x2168</load_address>
         <run_address>0x2168</run_address>
         <size>0x4d</size>
         <input_file_ref idref="fl-10"/>
      </object_component>
      <object_component id="oc-e0">
         <name>.debug_line</name>
         <load_address>0x21b5</load_address>
         <run_address>0x21b5</run_address>
         <size>0x92</size>
         <input_file_ref idref="fl-10"/>
      </object_component>
      <object_component id="oc-2cf">
         <name>.debug_line</name>
         <load_address>0x2247</load_address>
         <run_address>0x2247</run_address>
         <size>0xd2</size>
         <input_file_ref idref="fl-11"/>
      </object_component>
      <object_component id="oc-164">
         <name>.debug_line</name>
         <load_address>0x2319</load_address>
         <run_address>0x2319</run_address>
         <size>0x114</size>
         <input_file_ref idref="fl-11"/>
      </object_component>
      <object_component id="oc-2c5">
         <name>.debug_line</name>
         <load_address>0x242d</load_address>
         <run_address>0x242d</run_address>
         <size>0xd2</size>
         <input_file_ref idref="fl-13"/>
      </object_component>
      <object_component id="oc-15e">
         <name>.debug_line</name>
         <load_address>0x24ff</load_address>
         <run_address>0x24ff</run_address>
         <size>0xfd</size>
         <input_file_ref idref="fl-13"/>
      </object_component>
      <object_component id="oc-da">
         <name>.debug_line</name>
         <load_address>0x25fc</load_address>
         <run_address>0x25fc</run_address>
[...]
      </symbol>
      <symbol id="sm-867">
         <name>SysCtlLDOSleepSet</name>
         <value>0x1f61</value>
         <object_component_ref idref="oc-e1"/>
      </symbol>
      <symbol id="sm-868">
         <name>SysCtlMOSCConfigSet</name>
         <value>0x1ff7</value>
         <object_component_ref idref="oc-e1"/>
      </symbol>
      <symbol id="sm-869">
         <name>SysCtlPeripheralEnable</name>
         <value>0x1cf5</value>
         <object_component_ref idref="oc-e1"/>
      </symbol>
      <symbol id="sm-86a">
         <name>SysCtlIntEnable</name>
         <value>0x1f09</value>
         <object_component_ref idref="oc-e1"/>
      </symbol>
      <symbol id="sm-86b">
         <name>SysCtlNMIClear</name>
         <value>0x295d</value>
         <object_component_ref idref="oc-e1"/>
      </symbol>
      <symbol id="sm-86c">
         <name>SysCtlPeripheralPowerOff</name>
         <value>0x1c31</value>
         <object_component_ref idref="oc-e1"/>
      </symbol>
      <symbol id="sm-86d">
         <name>SysCtlSleepPowerSet</name>
         <value>0x1f8d</value>
         <object_component_ref idref="oc-e1"/>
      </symbol>
      <symbol id="sm-86e">
         <name>SysCtlDeepSleep</name>
         <value>0x1fc1</value>
         <object_component_ref idref="oc-e1"/>
      </symbol>
      <symbol id="sm-86f">
         <name>SysCtlLDODeepSleepSet</name>
         <value>0x1f77</value>
         <object_component_ref idref="oc-e1"/>
      </symbol>
      <symbol id="sm-870">
         <name>SysCtlPeripheralPowerOn</name>
         <value>0x1bf5</value>
         <object_component_ref idref="oc-e1"/>
      </symbol>
      <symbol id="sm-871">
         <name>SysCtlPeripheralDeepSleepDisable</name>
         <value>0x1e45</value>
         <object_component_ref idref="oc-e1"/>
      </symbol>
      <symbol id="sm-872">
         <name>SysCtlPeripheralSleepDisable</name>
         <value>0x1db9</value>
         <object_component_ref idref="oc-e1"/>
      </symbol>
      <symbol id="sm-873">
         <name>SysCtlVCOGet</name>
         <value>0x288d</value>
         <object_component_ref idref="oc-e1"/>
      </symbol>
      <symbol id="sm-874">
         <name>SysCtlResetBehaviorSet</name>
         <value>0x205d</value>
         <object_component_ref idref="oc-e1"/>
      </symbol>
      <symbol id="sm-875">
         <name>SysCtlReset</name>
         <value>0x1fb1</value>
         <object_component_ref idref="oc-e1"/>
      </symbol>
      <symbol id="sm-876">
         <name>SysCtlGPIOAHBDisable</name>
         <value>0x281f</value>
         <object_component_ref idref="oc-e1"/>
      </symbol>
      <symbol id="sm-877">
         <name>SysCtlSRAMSizeGet</name>
         <value>0x1b19</value>
         <object_component_ref idref="oc-e1"/>
      </symbol>
      <symbol id="sm-878">
         <name>SysCtlClockGet</name>
         <value>0x2585</value>
         <object_component_ref idref="oc-e1"/>
      </symbol>
      <symbol id="sm-879">
         <name>SysCtlPeripheralDisable</name>
         <value>0x1d31</value>
         <object_component_ref idref="oc-e1"/>
      </symbol>
      <symbol id="sm-87a">
         <name>SysCtlPWMClockSet</name>
         <value>0x27d3</value>
         <object_component_ref idref="oc-e1"/>
      </symbol>
      <symbol id="sm-87b">
         <name>SysCtlUSBPLLEnable</name>
         <value>0x283b</value>
         <object_component_ref idref="oc-e1"/>
      </symbol>
      <symbol id="sm-87c">
         <name>SysCtlPeripheralSleepEnable</name>
         <value>0x1d75</value>
         <object_component_ref idref="oc-e1"/>
      </symbol>
      <symbol id="sm-87d">
         <name>SysCtlIntUnregister</name>
         <value>0x1ef9</value>
         <object_component_ref idref="oc-e1"/>
      </symbol>
      <symbol id="sm-87e">
         <name>SysCtlUSBPLLDisable</name>
         <value>0x2847</value>
         <object_component_ref idref="oc-e1"/>
      </symbol>
      <symbol id="sm-87f">
         <name>SysCtlPeripheralReady</name>
         <value>0x1bb5</value>
         <object_component_ref idref="oc-e1"/>
      </symbol>
      <symbol id="sm-880">
         <name>SysCtlPIOSCCalibrate</name>
         <value>0x200d</value>
         <object_component_ref idref="oc-e1"/>
      </symbol>
      <symbol id="sm-881">
         <name>SysCtlResetCauseClear</name>
         <value>0x1fe3</value>
         <object_component_ref idref="oc-e1"/>
      </symbol>
      <symbol id="sm-882">
         <name>SysCtlLDOSleepGet</name>
         <value>0x1f71</value>
         <object_component_ref idref="oc-e1"/>
      </symbol>
      <symbol id="sm-883">
         <name>SysCtlClockFreqSet</name>
         <value>0x20bd</value>
         <object_component_ref idref="oc-e1"/>
      </symbol>
      <symbol id="sm-884">
         <name>SysCtlPeripheralReset</name>
         <value>0x1c6d</value>
         <object_component_ref idref="oc-e1"/>
      </symbol>
      <symbol id="sm-89e">
         <name>SysTickIntDisable</name>
         <value>0x6a69</value>
         <object_component_ref idref="oc-19b"/>
      </symbol>
      <symbol id="sm-89f">
         <name>SysTickEnable</name>
         <value>0x6a19</value>
         <object_component_ref idref="oc-19b"/>
      </symbol>
      <symbol id="sm-8a0">
         <name>SysTickPeriodGet</name>
         <value>0x6a87</value>
         <object_component_ref idref="oc-19b"/>
      </symbol>
      <symbol id="sm-8a1">
         <name>SysTickIntRegister</name>
         <value>0x6a31</value>
         <object_component_ref idref="oc-19b"/>
      </symbol>
      <symbol id="sm-8a2">
         <name>SysTickIntEnable</name>
         <value>0x6a5d</value>
         <object_component_ref idref="oc-19b"/>
      </symbol>
      <symbol id="sm-8a3">
         <name>SysTickValueGet</name>
         <value>0x6a8f</value>
         <object_component_ref idref="oc-19b"/>
      </symbol>
      <symbol id="sm-8a4">
         <name>SysTickIntUnregister</name>
         <value>0x6a49</value>
         <object_component_ref idref="oc-19b"/>
      </symbol>
      <symbol id="sm-8a5">
         <name>SysTickPeriodSet</name>
         <value>0x6a75</value>
         <object_component_ref idref="oc-19b"/>
      </symbol>
      <symbol id="sm-8a6">
         <name>SysTickDisable</name>
         <value>0x6a25</value>
         <object_component_ref idref="oc-19b"/>
      </symbol>
      <symbol id="sm-91a">
         <name>UARTClockSourceGet</name>
         <value>0x504b</value>
         <object_component_ref idref="oc-16a"/>
      </symbol>
      <symbol id="sm-91b">
         <name>UARTCharPutNonBlocking</name>
         <value>0x4ebd</value>
         <object_component_ref idref="oc-16a"/>
      </symbol>
      <symbol id="sm-91c">
         <name>UARTDMAEnable</name>
         <value>0x4fe5</value>
         <object_component_ref idref="oc-16a"/>
      </symbol>
      <symbol id="sm-91d">
         <name>UARTTxIntModeSet</name>
         <value>0x4e21</value>
         <object_component_ref idref="oc-16a"/>
      </symbol>
      <symbol id="sm-91e">
         <name>UARTFIFODisable</name>
         <value>0x4ccf</value>
         <object_component_ref idref="oc-16a"/>
      </symbol>
      <symbol id="sm-91f">
         <name>UARTIntUnregister</name>
         <value>0x4f65</value>
         <object_component_ref idref="oc-16a"/>
      </symbol>
      <symbol id="sm-920">
         <name>UARTRxErrorClear</name>
         <value>0x5027</value>
         <object_component_ref idref="oc-16a"/>
      </symbol>
      <symbol id="sm-921">
         <name>UARTModemControlSet</name>
         <value>0x4d71</value>
         <object_component_ref idref="oc-16a"/>
      </symbol>
      <symbol id="sm-922">
         <name>UARTFlowControlSet</name>
         <value>0x4df3</value>
         <object_component_ref idref="oc-16a"/>
      </symbol>
      <symbol id="sm-923">
         <name>UARTConfigSetExpClk</name>
         <value>0x4ba9</value>
         <object_component_ref idref="oc-16a"/>
      </symbol>
      <symbol id="sm-924">
         <name>UARTSmartCardDisable</name>
         <value>0x4d5b</value>
         <object_component_ref idref="oc-16a"/>
      </symbol>
      <symbol id="sm-925">
         <name>UARTDisable</name>
         <value>0x4c8f</value>
         <object_component_ref idref="oc-16a"/>
      </symbol>
      <symbol id="sm-926">
         <name>UART9BitDisable</name>
         <value>0x5071</value>
         <object_component_ref idref="oc-16a"/>
      </symbol>
      <symbol id="sm-927">
         <name>UARTFIFOLevelGet</name>
         <value>0x4b81</value>
         <object_component_ref idref="oc-16a"/>
      </symbol>
      <symbol id="sm-928">
         <name>UARTBusy</name>
         <value>0x4f29</value>
         <object_component_ref idref="oc-16a"/>
      </symbol>
      <symbol id="sm-929">
         <name>UARTDisableSIR</name>
         <value>0x4d13</value>
         <object_component_ref idref="oc-16a"/>
      </symbol>
      <symbol id="sm-92a">
         <name>UARTLoopbackEnable</name>
         <value>0x50f5</value>
         <object_component_ref idref="oc-16a"/>
      </symbol>
      <symbol id="sm-92b">
         <name>UARTIntEnable</name>
         <value>0x4f85</value>
         <object_component_ref idref="oc-16a"/>
      </symbol>
      <symbol id="sm-92c">
         <name>UARTCharsAvail</name>
         <value>0x4e4f</value>
         <object_component_ref idref="oc-16a"/>
      </symbol>
      <symbol id="sm-92d">
         <name>UARTCharGetNonBlocking</name>
         <value>0x4e8b</value>
         <object_component_ref idref="oc-16a"/>
      </symbol>
      <symbol id="sm-92e">
         <name>UARTClockSourceSet</name>
         <value>0x5037</value>
         <object_component_ref idref="oc-16a"/>
      </symbol>
      <symbol id="sm-92f">
         <name>UARTTxIntModeGet</name>
         <value>0x4e3d</value>
         <object_component_ref idref="oc-16a"/>
      </symbol>
      <symbol id="sm-930">
         <name>UARTModemStatusGet</name>
         <value>0x4ddf</value>
         <object_component_ref idref="oc-16a"/>
      </symbol>
      <symbol id="sm-931">
         <name>UARTIntDisable</name>
         <value>0x4f9d</value>
         <object_component_ref idref="oc-16a"/>
      </symbol>
      <symbol id="sm-932">
         <name>UARTCharPut</name>
         <value>0x4ee1</value>
         <object_component_ref idref="oc-16a"/>
      </symbol>
      <symbol id="sm-933">
         <name>UARTParityModeSet</name>
         <value>0x4b3b</value>
         <object_component_ref idref="oc-16a"/>
      </symbol>
      <symbol id="sm-934">
         <name>UARTRxErrorGet</name>
         <value>0x5015</value>
         <object_component_ref idref="oc-16a"/>
      </symbol>
      <symbol id="sm-935">
         <name>UARTConfigGetExpClk</name>
         <value>0x4c1f</value>
         <object_component_ref idref="oc-16a"/>
      </symbol>
      <symbol id="sm-936">
         <name>UARTEnableSIR</name>
         <value>0x4ce5</value>
         <object_component_ref idref="oc-16a"/>
      </symbol>
      <symbol id="sm-937">
         <name>UARTEnable</name>
         <value>0x4c6b</value>
         <object_component_ref idref="oc-16a"/>
      </symbol>
      <symbol id="sm-938">
         <name>UART9BitAddrSend</name>
         <value>0x50ad</value>
         <object_component_ref idref="oc-16a"/>
      </symbol>
      <symbol id="sm-939">
         <name>UARTModemControlGet</name>
         <value>0x4dcd</value>
         <object_component_ref idref="oc-16a"/>
      </symbol>
      <symbol id="sm-93a">
         <name>UARTSmartCardEnable</name>
         <value>0x4d29</value>
         <object_component_ref idref="oc-16a"/>
      </symbol>
      <symbol id="sm-93b">
         <name>UARTFlowControlGet</name>
         <value>0x4e0f</value>
         <object_component_ref idref="oc-16a"/>
      </symbol>
      <symbol id="sm-93c">
         <name>UARTFIFOEnable</name>
         <value>0x4cb9</value>
         <object_component_ref idref="oc-16a"/>
      </symbol>
      <symbol id="sm-93d">
         <name>UARTIntClear</name>
         <value>0x4fd3</value>
         <object_component_ref idref="oc-16a"/>
      </symbol>
      <symbol id="sm-93e">
         <name>UARTIntStatus</name>
         <value>0x4fb5</value>
         <object_component_ref idref="oc-16a"/>
      </symbol>
      <symbol id="sm-93f">
         <name>UARTDMADisable</name>
         <value>0x4ffd</value>
         <object_component_ref idref="oc-16a"/>
      </symbol>
      <symbol id="sm-940">
         <name>UART9BitEnable</name>
         <value>0x505b</value>
         <object_component_ref idref="oc-16a"/>
      </symbol>
      <symbol id="sm-941">
         <name>UARTSpaceAvail</name>
         <value>0x4e6d</value>
         <object_component_ref idref="oc-16a"/>
      </symbol>
      <symbol id="sm-942">
         <name>UARTCharGet</name>
         <value>0x4ea7</value>
         <object_component_ref idref="oc-16a"/>
      </symbol>
      <symbol id="sm-943">
         <name>UARTFIFOLevelSet</name>
         <value>0x4b69</value>
         <object_component_ref idref="oc-16a"/>
      </symbol>
      <symbol id="sm-944">
         <name>UARTModemControlClear</name>
         <value>0x4da9</value>
         <object_component_ref idref="oc-16a"/>
      </symbol>
      <symbol id="sm-945">
         <name>UARTParityModeGet</name>
         <value>0x4b57</value>
         <object_component_ref idref="oc-16a"/>
      </symbol>
      <symbol id="sm-946">
         <name>UARTIntRegister</name>
         <value>0x4f47</value>
         <object_component_ref idref="oc-16a"/>
      </symbol>
      <symbol id="sm-947">
         <name>UARTBreakCtl</name>
         <value>0x4eff</value>
         <object_component_ref idref="oc-16a"/>
      </symbol>
      <symbol id="sm-948">
         <name>UART9BitAddrSet</name>
         <value>0x5087</value>
         <object_component_ref idref="oc-16a"/>
      </symbol>
      <symbol id="sm-9b8">
         <name>UARTgetc</name>
         <value>0x525d</value>
         <object_component_ref idref="oc-170"/>
      </symbol>
      <symbol id="sm-9b9">
         <name>UARTgets</name>
         <value>0x51a3</value>
         <object_component_ref idref="oc-170"/>
      </symbol>
      <symbol id="sm-9ba">
         <name>UARTStdioConfig</name>
         <value>0x510d</value>
         <object_component_ref idref="oc-170"/>
      </symbol>
      <symbol id="sm-9bb">
         <name>UARTwrite</name>
         <value>0x5153</value>
         <object_component_ref idref="oc-170"/>
      </symbol>
      <symbol id="sm-9bc">
         <name>UARTprintf</name>
         <value>0x557f</value>
         <object_component_ref idref="oc-170"/>
      </symbol>
      <symbol id="sm-9bd">
         <name>UARTvprintf</name>
         <value>0x5285</value>
         <object_component_ref idref="oc-170"/>
      </symbol>
      <symbol id="sm-9d7">
         <name>__aeabi_dsub</name>
         <value>0x623d</value>
         <object_component_ref idref="oc-1de"/>
      </symbol>
      <symbol id="sm-9d8">
         <name>__aeabi_dadd</name>
         <value>0x6247</value>
         <object_component_ref idref="oc-1de"/>
      </symbol>
      <symbol id="sm-9e3">
         <name>__aeabi_dmul</name>
         <value>0x6729</value>
         <object_component_ref idref="oc-1d9"/>
      </symbol>
      <symbol id="sm-9f0">
         <name>__aeabi_d2f</name>
         <value>0x6b95</value>
         <object_component_ref idref="oc-1e3"/>
      </symbol>
      <symbol id="sm-9fb">
         <name>__aeabi_f2d</name>
         <value>0x6dcb</value>
         <object_component_ref idref="oc-1d4"/>
      </symbol>
      <symbol id="sm-a05">
         <name>__aeabi_i2d</name>
         <value>0x6e39</value>
         <object_component_ref idref="oc-1e8"/>
      </symbol>
      <symbol id="sm-a14">
         <name>__aeabi_uidivmod</name>
         <value>0x6d4d</value>
         <object_component_ref idref="oc-23c"/>
      </symbol>
      <symbol id="sm-a15">
         <name>__aeabi_uidiv</name>
         <value>0x6d4d</value>
         <object_component_ref idref="oc-23c"/>
      </symbol>
      <symbol id="sm-a2c">
         <name>__TI_zero_init</name>
         <value>0x6e83</value>
         <object_component_ref idref="oc-4d"/>
      </symbol>
      <symbol id="sm-a43">
         <name>__TI_decompress_none</name>
         <value>0x6e75</value>
         <object_component_ref idref="oc-1b"/>
      </symbol>
      <symbol id="sm-a66">
         <name>__TI_decompress_lzss</name>
         <value>0x6c03</value>
         <object_component_ref idref="oc-15"/>
      </symbol>
      <symbol id="sm-a79">
         <name>__stack</name>
         <value>0x20007880</value>
         <object_component_ref idref="oc-24"/>
      </symbol>
      <symbol id="sm-a7a">
         <name>_c_int00_noargs</name>
         <value>0x6e05</value>
         <object_component_ref idref="oc-59"/>
      </symbol>
      <symbol id="sm-a84">
         <name>__aeabi_idiv0</name>
         <value>0x510b</value>
         <object_component_ref idref="oc-2dc"/>
      </symbol>
      <symbol id="sm-a85">
         <name>__aeabi_ldiv0</name>
         <value>0x510b</value>
         <object_component_ref idref="oc-2dc"/>
      </symbol>
      <symbol id="sm-aa0">
         <name>memcpy</name>
         <value>0x697d</value>
         <object_component_ref idref="oc-3b"/>
      </symbol>
      <symbol id="sm-aa1">
         <name>__aeabi_memcpy</name>
         <value>0x697d</value>
         <object_component_ref idref="oc-3b"/>
      </symbol>
      <symbol id="sm-aa2">
         <name>__aeabi_memcpy8</name>
         <value>0x697d</value>
         <object_component_ref idref="oc-3b"/>
      </symbol>
      <symbol id="sm-aa3">
         <name>__aeabi_memcpy4</name>
         <value>0x697d</value>
         <object_component_ref idref="oc-3b"/>
      </symbol>
      <symbol id="sm-ab2">
         <name>__aeabi_memset</name>
         <value>0x6aa3</value>
         <object_component_ref idref="oc-8f"/>
      </symbol>
      <symbol id="sm-ab3">
         <name>memset</name>
         <value>0x6aa9</value>
         <object_component_ref idref="oc-8f"/>
      </symbol>
      <symbol id="sm-ab4">
         <name>__aeabi_memset8</name>
         <value>0x6aa3</value>
         <object_component_ref idref="oc-8f"/>
      </symbol>
      <symbol id="sm-ab5">
         <name>__aeabi_memset4</name>
         <value>0x6aa3</value>
         <object_component_ref idref="oc-8f"/>
      </symbol>
      <symbol id="sm-ab6">
         <name>__aeabi_memclr8</name>
         <value>0x6aa1</value>
         <object_component_ref idref="oc-8f"/>
      </symbol>
      <symbol id="sm-ab7">
         <name>__aeabi_memclr4</name>
         <value>0x6aa1</value>
         <object_component_ref idref="oc-8f"/>
      </symbol>
      <symbol id="sm-ab8">
         <name>__aeabi_memclr</name>
         <value>0x6aa1</value>
         <object_component_ref idref="oc-8f"/>
      </symbol>
      <symbol id="sm-ae0">
         <name>__TI_auto_init_nobinit_nopinit</name>
         <value>0x6cc9</value>
         <object_component_ref idref="oc-111"/>
      </symbol>
      <symbol id="sm-aea">
         <name>_system_pre_init</name>
         <value>0x6ea1</value>
         <object_component_ref idref="oc-95"/>
      </symbol>
      <symbol id="sm-af6">
         <name>C$$EXIT</name>
         <value>0x6ea5</value>
         <object_component_ref idref="oc-105"/>
      </symbol>
      <symbol id="sm-af7">
         <name>abort</name>
         <value>0x6ea5</value>
         <object_component_ref idref="oc-105"/>
      </symbol>
      <symbol id="sm-afa">
         <name>__TI_static_base__</name>
         <value>0x0</value>
      </symbol>
      <symbol id="sm-afd">
         <name>__mpu_init</name>
         <value>0x0</value>
      </symbol>
      <symbol id="sm-afe">
         <name>_system_post_cinit</name>
         <value>0x0</value>
      </symbol>
   </symbol_table>
   <title>Link successful</title>
</link_info>
